{"ast":null,"code":"var _jsxFileName = \"/Users/llam/git/gentle-git-intro/components/mdx/git/TimeToMerge.mdx\";\n\nfunction ownKeys(object, enumerableOnly) { var keys = Object.keys(object); if (Object.getOwnPropertySymbols) { var symbols = Object.getOwnPropertySymbols(object); if (enumerableOnly) symbols = symbols.filter(function (sym) { return Object.getOwnPropertyDescriptor(object, sym).enumerable; }); keys.push.apply(keys, symbols); } return keys; }\n\nfunction _objectSpread(target) { for (var i = 1; i < arguments.length; i++) { var source = arguments[i] != null ? arguments[i] : {}; if (i % 2) { ownKeys(Object(source), true).forEach(function (key) { _defineProperty(target, key, source[key]); }); } else if (Object.getOwnPropertyDescriptors) { Object.defineProperties(target, Object.getOwnPropertyDescriptors(source)); } else { ownKeys(Object(source)).forEach(function (key) { Object.defineProperty(target, key, Object.getOwnPropertyDescriptor(source, key)); }); } } return target; }\n\nfunction _defineProperty(obj, key, value) { if (key in obj) { Object.defineProperty(obj, key, { value: value, enumerable: true, configurable: true, writable: true }); } else { obj[key] = value; } return obj; }\n\nfunction _objectWithoutProperties(source, excluded) { if (source == null) return {}; var target = _objectWithoutPropertiesLoose(source, excluded); var key, i; if (Object.getOwnPropertySymbols) { var sourceSymbolKeys = Object.getOwnPropertySymbols(source); for (i = 0; i < sourceSymbolKeys.length; i++) { key = sourceSymbolKeys[i]; if (excluded.indexOf(key) >= 0) continue; if (!Object.prototype.propertyIsEnumerable.call(source, key)) continue; target[key] = source[key]; } } return target; }\n\nfunction _objectWithoutPropertiesLoose(source, excluded) { if (source == null) return {}; var target = {}; var sourceKeys = Object.keys(source); var key, i; for (i = 0; i < sourceKeys.length; i++) { key = sourceKeys[i]; if (excluded.indexOf(key) >= 0) continue; target[key] = source[key]; } return target; }\n\nimport React from 'react';\nimport { mdx } from '@mdx-js/react';\n/* @jsxRuntime classic */\n\n/* @jsx mdx */\n\nimport Input from '../../Input';\nconst layoutProps = {};\nconst MDXLayout = \"wrapper\";\nexport default function MDXContent(_ref) {\n  let {\n    components\n  } = _ref,\n      props = _objectWithoutProperties(_ref, [\"components\"]);\n\n  return mdx(MDXLayout, _objectSpread(_objectSpread(_objectSpread({}, layoutProps), props), {}, {\n    components: components,\n    mdxType: \"MDXLayout\",\n    __self: this,\n    __source: {\n      fileName: _jsxFileName,\n      lineNumber: 18,\n      columnNumber: 10\n    }\n  }), mdx(\"h2\", {\n    __self: this,\n    __source: {\n      fileName: _jsxFileName,\n      lineNumber: 20,\n      columnNumber: 5\n    }\n  }, `Time to merge!`), mdx(\"p\", {\n    __self: this,\n    __source: {\n      fileName: _jsxFileName,\n      lineNumber: 21,\n      columnNumber: 5\n    }\n  }, `We want to merge our changes from dev to master.\nRemember, the target branch is always the branch you are on.  Use `, mdx(\"inlineCode\", {\n    parentName: \"p\",\n    __self: this,\n    __source: {\n      fileName: _jsxFileName,\n      lineNumber: 22,\n      columnNumber: 69\n    }\n  }, `git branch`), ` if you are not sure where you are.`), mdx(\"pre\", {\n    __self: this,\n    __source: {\n      fileName: _jsxFileName,\n      lineNumber: 23,\n      columnNumber: 5\n    }\n  }, mdx(\"code\", _objectSpread(_objectSpread({\n    parentName: \"pre\"\n  }, {}), {}, {\n    __self: this,\n    __source: {\n      fileName: _jsxFileName,\n      lineNumber: 23,\n      columnNumber: 10\n    }\n  }), `    $ git merge dev_llam\n`)), mdx(\"p\", {\n    __self: this,\n    __source: {\n      fileName: _jsxFileName,\n      lineNumber: 25,\n      columnNumber: 5\n    }\n  }, `Now we should see that master has the same changes as our dev branch.`), mdx(\"pre\", {\n    __self: this,\n    __source: {\n      fileName: _jsxFileName,\n      lineNumber: 26,\n      columnNumber: 5\n    }\n  }, mdx(\"code\", _objectSpread(_objectSpread({\n    parentName: \"pre\"\n  }, {}), {}, {\n    __self: this,\n    __source: {\n      fileName: _jsxFileName,\n      lineNumber: 26,\n      columnNumber: 10\n    }\n  }), `    $ git log --oneline\n      187c6fa (HEAD -> master, dev_llam) Saying who I am\n      deccda5 Commit first file to the repo.\n    $ cat hello.txt\n      hello world\n      I am Liz.\n`)), mdx(Input, {\n    question: \"\",\n    answer: \"\",\n    mdxType: \"Input\",\n    __self: this,\n    __source: {\n      fileName: _jsxFileName,\n      lineNumber: 33,\n      columnNumber: 5\n    }\n  }));\n}\n;\nMDXContent.isMDXComponent = true;","map":{"version":3,"sources":["/Users/llam/git/gentle-git-intro/components/mdx/git/TimeToMerge.mdx"],"names":["React","mdx","Input","layoutProps","MDXLayout","MDXContent","components","props","isMDXComponent"],"mappings":";;;;;;;;;;;;AACA,OAAOA,KAAP,MAAkB,OAAlB;AACA,SAASC,GAAT,QAAoB,eAApB;AAEA;;AACA;;AACA,OAAOC,KAAP,MAAkB,aAAlB;AAGA,MAAMC,WAAW,GAAG,EAApB;AAGA,MAAMC,SAAS,GAAG,SAAlB;AACA,eAAe,SAASC,UAAT,OAGZ;AAAA,MAHgC;AACjCC,IAAAA;AADiC,GAGhC;AAAA,MADEC,KACF;;AACD,SAAO,IAAC,SAAD,gDAAeJ,WAAf,GAAgCI,KAAhC;AAAuC,IAAA,UAAU,EAAED,UAAnD;AAA+D,IAAA,OAAO,EAAC,WAAvE;AAAA;AAAA;AAAA;AAAA;AAAA;AAAA;AAAA,MAEL;AAAA;AAAA;AAAA;AAAA;AAAA;AAAA;AAAA,KAAM,gBAAN,CAFK,EAGL;AAAA;AAAA;AAAA;AAAA;AAAA;AAAA;AAAA,KAAK;AACT,mEADI,EACgE;AAAY,IAAA,UAAU,EAAC,GAAvB;AAAA;AAAA;AAAA;AAAA;AAAA;AAAA;AAAA,KAA6B,YAA7B,CADhE,EACwH,qCADxH,CAHK,EAKL;AAAA;AAAA;AAAA;AAAA;AAAA;AAAA;AAAA,KAAK;AAAM,IAAA,UAAU,EAAC;AAAjB,KAA2B,EAA3B;AAAA;AAAA;AAAA;AAAA;AAAA;AAAA;AAAA,MAAiC;AAC1C,CADS,CAAL,CALK,EAOL;AAAA;AAAA;AAAA;AAAA;AAAA;AAAA;AAAA,KAAK,uEAAL,CAPK,EAQL;AAAA;AAAA;AAAA;AAAA;AAAA;AAAA;AAAA,KAAK;AAAM,IAAA,UAAU,EAAC;AAAjB,KAA2B,EAA3B;AAAA;AAAA;AAAA;AAAA;AAAA;AAAA;AAAA,MAAiC;AAC1C;AACA;AACA;AACA;AACA;AACA,CANS,CAAL,CARK,EAeL,IAAC,KAAD;AAAO,IAAA,QAAQ,EAAC,EAAhB;AAAmB,IAAA,MAAM,EAAC,EAA1B;AAA6B,IAAA,OAAO,EAAC,OAArC;AAAA;AAAA;AAAA;AAAA;AAAA;AAAA;AAAA,IAfK,CAAP;AAiBD;AAED;AACAD,UAAU,CAACG,cAAX,GAA4B,IAA5B","sourcesContent":["\nimport React from 'react'\nimport { mdx } from '@mdx-js/react'\n\n/* @jsxRuntime classic */\n/* @jsx mdx */\nimport Input from '../../Input'\n\n\nconst layoutProps = {\n  \n};\nconst MDXLayout = \"wrapper\"\nexport default function MDXContent({\n  components,\n  ...props\n}) {\n  return <MDXLayout {...layoutProps} {...props} components={components} mdxType=\"MDXLayout\">\n\n    <h2>{`Time to merge!`}</h2>\n    <p>{`We want to merge our changes from dev to master.\nRemember, the target branch is always the branch you are on.  Use `}<inlineCode parentName=\"p\">{`git branch`}</inlineCode>{` if you are not sure where you are.`}</p>\n    <pre><code parentName=\"pre\" {...{}}>{`    $ git merge dev_llam\n`}</code></pre>\n    <p>{`Now we should see that master has the same changes as our dev branch.`}</p>\n    <pre><code parentName=\"pre\" {...{}}>{`    $ git log --oneline\n      187c6fa (HEAD -> master, dev_llam) Saying who I am\n      deccda5 Commit first file to the repo.\n    $ cat hello.txt\n      hello world\n      I am Liz.\n`}</code></pre>\n    <Input question=\"\" answer=\"\" mdxType=\"Input\" />\n    </MDXLayout>;\n}\n\n;\nMDXContent.isMDXComponent = true;"]},"metadata":{},"sourceType":"module"}