{"ast":null,"code":"import _defineProperty from \"/Users/llam/git/gentle-git-intro/node_modules/@babel/runtime/helpers/esm/defineProperty\";\nimport _objectWithoutProperties from \"/Users/llam/git/gentle-git-intro/node_modules/@babel/runtime/helpers/esm/objectWithoutProperties\";\nvar _jsxFileName = \"/Users/llam/git/gentle-git-intro/components/mdx/git/EditBranch.mdx\";\n\nfunction ownKeys(object, enumerableOnly) { var keys = Object.keys(object); if (Object.getOwnPropertySymbols) { var symbols = Object.getOwnPropertySymbols(object); if (enumerableOnly) symbols = symbols.filter(function (sym) { return Object.getOwnPropertyDescriptor(object, sym).enumerable; }); keys.push.apply(keys, symbols); } return keys; }\n\nfunction _objectSpread(target) { for (var i = 1; i < arguments.length; i++) { var source = arguments[i] != null ? arguments[i] : {}; if (i % 2) { ownKeys(Object(source), true).forEach(function (key) { _defineProperty(target, key, source[key]); }); } else if (Object.getOwnPropertyDescriptors) { Object.defineProperties(target, Object.getOwnPropertyDescriptors(source)); } else { ownKeys(Object(source)).forEach(function (key) { Object.defineProperty(target, key, Object.getOwnPropertyDescriptor(source, key)); }); } } return target; }\n\nimport React from 'react';\nimport { mdx } from '@mdx-js/react';\n/* @jsxRuntime classic */\n\n/* @jsx mdx */\n\nimport Input from '../../Input';\nvar layoutProps = {};\nvar MDXLayout = \"wrapper\";\nexport default function MDXContent(_ref) {\n  var components = _ref.components,\n      props = _objectWithoutProperties(_ref, [\"components\"]);\n\n  return mdx(MDXLayout, _objectSpread(_objectSpread(_objectSpread({}, layoutProps), props), {}, {\n    components: components,\n    mdxType: \"MDXLayout\",\n    __self: this,\n    __source: {\n      fileName: _jsxFileName,\n      lineNumber: 18,\n      columnNumber: 10\n    }\n  }), mdx(\"h2\", {\n    __self: this,\n    __source: {\n      fileName: _jsxFileName,\n      lineNumber: 20,\n      columnNumber: 5\n    }\n  }, \"Let\\u2019s make a change on our new branch.\"), mdx(\"p\", {\n    __self: this,\n    __source: {\n      fileName: _jsxFileName,\n      lineNumber: 21,\n      columnNumber: 5\n    }\n  }, \"Edit hello.txt by adding a 2nd line saying who you are.  (Example: \\u201CI am Liz.\\u201D)\\nIf you check the status, you will see git knows we made changes:\"), mdx(\"pre\", {\n    __self: this,\n    __source: {\n      fileName: _jsxFileName,\n      lineNumber: 23,\n      columnNumber: 5\n    }\n  }, mdx(\"code\", _objectSpread(_objectSpread({\n    parentName: \"pre\"\n  }, {}), {}, {\n    __self: this,\n    __source: {\n      fileName: _jsxFileName,\n      lineNumber: 23,\n      columnNumber: 10\n    }\n  }), \"    $ echo 'I am Liz.' >> hello.txt\\n    $ cat hello.txt\\n      hello world\\n      I am Liz.\\n    $ git status\\n    On branch dev_llam\\n    Changes not staged for commit:\\n      (use \\\"git add <file>...\\\" to update what will be committed)\\n      (use \\\"git checkout -- <file>...\\\" to discard changes in working directory)\\n\\n        modified:   hello.txt\\n\\n    no changes added to commit (use \\\"git add\\\" and/or \\\"git commit -a\\\")\\n\\n\")), mdx(\"p\", {\n    __self: this,\n    __source: {\n      fileName: _jsxFileName,\n      lineNumber: 38,\n      columnNumber: 5\n    }\n  }, \"We want to add our changes:\"), mdx(\"pre\", {\n    __self: this,\n    __source: {\n      fileName: _jsxFileName,\n      lineNumber: 39,\n      columnNumber: 5\n    }\n  }, mdx(\"code\", _objectSpread(_objectSpread({\n    parentName: \"pre\"\n  }, {}), {}, {\n    __self: this,\n    __source: {\n      fileName: _jsxFileName,\n      lineNumber: 39,\n      columnNumber: 10\n    }\n  }), \"    $ git add .\\n\")), mdx(\"p\", {\n    __self: this,\n    __source: {\n      fileName: _jsxFileName,\n      lineNumber: 41,\n      columnNumber: 5\n    }\n  }, \"Now we want to commit them:\"), mdx(\"pre\", {\n    __self: this,\n    __source: {\n      fileName: _jsxFileName,\n      lineNumber: 42,\n      columnNumber: 5\n    }\n  }, mdx(\"code\", _objectSpread(_objectSpread({\n    parentName: \"pre\"\n  }, {}), {}, {\n    __self: this,\n    __source: {\n      fileName: _jsxFileName,\n      lineNumber: 42,\n      columnNumber: 10\n    }\n  }), \"    $ git commit -m \\u201CSaying who I am\\u201D\\n\")), mdx(Input, {\n    question: \"How would you make a commit with message 'Fixed'?\",\n    answer: \"git commit -m 'Fixed'\",\n    mdxType: \"Input\",\n    __self: this,\n    __source: {\n      fileName: _jsxFileName,\n      lineNumber: 44,\n      columnNumber: 5\n    }\n  }));\n}\n_c = MDXContent;\n;\nMDXContent.isMDXComponent = true;\n\nvar _c;\n\n$RefreshReg$(_c, \"MDXContent\");","map":{"version":3,"sources":["/Users/llam/git/gentle-git-intro/components/mdx/git/EditBranch.mdx"],"names":["React","mdx","Input","layoutProps","MDXLayout","MDXContent","components","props","isMDXComponent"],"mappings":";;;;;;;;AACA,OAAOA,KAAP,MAAkB,OAAlB;AACA,SAASC,GAAT,QAAoB,eAApB;AAEA;;AACA;;AACA,OAAOC,KAAP,MAAkB,aAAlB;AAGA,IAAMC,WAAW,GAAG,EAApB;AAGA,IAAMC,SAAS,GAAG,SAAlB;AACA,eAAe,SAASC,UAAT,OAGZ;AAAA,MAFDC,UAEC,QAFDA,UAEC;AAAA,MADEC,KACF;;AACD,SAAO,IAAC,SAAD,gDAAeJ,WAAf,GAAgCI,KAAhC;AAAuC,IAAA,UAAU,EAAED,UAAnD;AAA+D,IAAA,OAAO,EAAC,WAAvE;AAAA;AAAA;AAAA;AAAA;AAAA;AAAA;AAAA,MAEL;AAAA;AAAA;AAAA;AAAA;AAAA;AAAA;AAAA,mDAFK,EAGL;AAAA;AAAA;AAAA;AAAA;AAAA;AAAA;AAAA,mKAHK,EAKL;AAAA;AAAA;AAAA;AAAA;AAAA;AAAA;AAAA,KAAK;AAAM,IAAA,UAAU,EAAC;AAAjB,KAA2B,EAA3B;AAAA;AAAA;AAAA;AAAA;AAAA;AAAA;AAAA,4bAAL,CALK,EAoBL;AAAA;AAAA;AAAA;AAAA;AAAA;AAAA;AAAA,mCApBK,EAqBL;AAAA;AAAA;AAAA;AAAA;AAAA;AAAA;AAAA,KAAK;AAAM,IAAA,UAAU,EAAC;AAAjB,KAA2B,EAA3B;AAAA;AAAA;AAAA;AAAA;AAAA;AAAA;AAAA,0BAAL,CArBK,EAuBL;AAAA;AAAA;AAAA;AAAA;AAAA;AAAA;AAAA,mCAvBK,EAwBL;AAAA;AAAA;AAAA;AAAA;AAAA;AAAA;AAAA,KAAK;AAAM,IAAA,UAAU,EAAC;AAAjB,KAA2B,EAA3B;AAAA;AAAA;AAAA;AAAA;AAAA;AAAA;AAAA,0DAAL,CAxBK,EA0BL,IAAC,KAAD;AAAO,IAAA,QAAQ,EAAC,mDAAhB;AAAoE,IAAA,MAAM,EAAC,uBAA3E;AAAmG,IAAA,OAAO,EAAC,OAA3G;AAAA;AAAA;AAAA;AAAA;AAAA;AAAA;AAAA,IA1BK,CAAP;AA4BD;KAhCuBD,U;AAkCxB;AACAA,UAAU,CAACG,cAAX,GAA4B,IAA5B","sourcesContent":["\nimport React from 'react'\nimport { mdx } from '@mdx-js/react'\n\n/* @jsxRuntime classic */\n/* @jsx mdx */\nimport Input from '../../Input'\n\n\nconst layoutProps = {\n  \n};\nconst MDXLayout = \"wrapper\"\nexport default function MDXContent({\n  components,\n  ...props\n}) {\n  return <MDXLayout {...layoutProps} {...props} components={components} mdxType=\"MDXLayout\">\n\n    <h2>{`Let’s make a change on our new branch.`}</h2>\n    <p>{`Edit hello.txt by adding a 2nd line saying who you are.  (Example: “I am Liz.”)\nIf you check the status, you will see git knows we made changes:`}</p>\n    <pre><code parentName=\"pre\" {...{}}>{`    $ echo 'I am Liz.' >> hello.txt\n    $ cat hello.txt\n      hello world\n      I am Liz.\n    $ git status\n    On branch dev_llam\n    Changes not staged for commit:\n      (use \"git add <file>...\" to update what will be committed)\n      (use \"git checkout -- <file>...\" to discard changes in working directory)\n\n        modified:   hello.txt\n\n    no changes added to commit (use \"git add\" and/or \"git commit -a\")\n\n`}</code></pre>\n    <p>{`We want to add our changes:`}</p>\n    <pre><code parentName=\"pre\" {...{}}>{`    $ git add .\n`}</code></pre>\n    <p>{`Now we want to commit them:`}</p>\n    <pre><code parentName=\"pre\" {...{}}>{`    $ git commit -m “Saying who I am”\n`}</code></pre>\n    <Input question=\"How would you make a commit with message 'Fixed'?\" answer=\"git commit -m 'Fixed'\" mdxType=\"Input\" />\n    </MDXLayout>;\n}\n\n;\nMDXContent.isMDXComponent = true;"]},"metadata":{},"sourceType":"module"}