{"ast":null,"code":"import _defineProperty from \"/Users/llam/git/gentle-git-intro/node_modules/@babel/runtime/helpers/esm/defineProperty\";\nimport _objectWithoutProperties from \"/Users/llam/git/gentle-git-intro/node_modules/@babel/runtime/helpers/esm/objectWithoutProperties\";\nvar _jsxFileName = \"/Users/llam/git/gentle-git-intro/components/LookAtHistory.mdx\";\n\nfunction ownKeys(object, enumerableOnly) { var keys = Object.keys(object); if (Object.getOwnPropertySymbols) { var symbols = Object.getOwnPropertySymbols(object); if (enumerableOnly) symbols = symbols.filter(function (sym) { return Object.getOwnPropertyDescriptor(object, sym).enumerable; }); keys.push.apply(keys, symbols); } return keys; }\n\nfunction _objectSpread(target) { for (var i = 1; i < arguments.length; i++) { var source = arguments[i] != null ? arguments[i] : {}; if (i % 2) { ownKeys(Object(source), true).forEach(function (key) { _defineProperty(target, key, source[key]); }); } else if (Object.getOwnPropertyDescriptors) { Object.defineProperties(target, Object.getOwnPropertyDescriptors(source)); } else { ownKeys(Object(source)).forEach(function (key) { Object.defineProperty(target, key, Object.getOwnPropertyDescriptor(source, key)); }); } } return target; }\n\nimport React from 'react';\nimport { mdx } from '@mdx-js/react';\n/* @jsxRuntime classic */\n\n/* @jsx mdx */\n\nvar layoutProps = {};\nvar MDXLayout = \"wrapper\";\nexport default function MDXContent(_ref) {\n  var components = _ref.components,\n      props = _objectWithoutProperties(_ref, [\"components\"]);\n\n  return mdx(MDXLayout, _objectSpread(_objectSpread(_objectSpread({}, layoutProps), props), {}, {\n    components: components,\n    mdxType: \"MDXLayout\",\n    __self: this,\n    __source: {\n      fileName: _jsxFileName,\n      lineNumber: 18,\n      columnNumber: 10\n    }\n  }), mdx(\"h2\", {\n    __self: this,\n    __source: {\n      fileName: _jsxFileName,\n      lineNumber: 19,\n      columnNumber: 5\n    }\n  }, \"Let's take a look at our history so far.\"), mdx(\"p\", {\n    __self: this,\n    __source: {\n      fileName: _jsxFileName,\n      lineNumber: 20,\n      columnNumber: 5\n    }\n  }, \"Type in the terminal:\"), mdx(\"pre\", {\n    __self: this,\n    __source: {\n      fileName: _jsxFileName,\n      lineNumber: 21,\n      columnNumber: 5\n    }\n  }, mdx(\"code\", _objectSpread(_objectSpread({\n    parentName: \"pre\"\n  }, {}), {}, {\n    __self: this,\n    __source: {\n      fileName: _jsxFileName,\n      lineNumber: 21,\n      columnNumber: 10\n    }\n  }), \"    $ git log --oneline\\n      187c6fa (HEAD -> dev_llam) Saying who I am\\n      deccda5 (master) Commit first file to the repo.\\n\")), mdx(\"p\", {\n    __self: this,\n    __source: {\n      fileName: _jsxFileName,\n      lineNumber: 25,\n      columnNumber: 5\n    }\n  }, \"We now have two commits in our history in our dev branch.\"), mdx(\"p\", {\n    __self: this,\n    __source: {\n      fileName: _jsxFileName,\n      lineNumber: 26,\n      columnNumber: 5\n    }\n  }, \"NOTE: The seemingly random characters in front of our commit message is called a commit SHA. This commit SHA includes information about the author and date and will be unique to you. If you are following along on your terminal, don't worry if the output looks a little different.\"), mdx(\"p\", {\n    __self: this,\n    __source: {\n      fileName: _jsxFileName,\n      lineNumber: 27,\n      columnNumber: 5\n    }\n  }, \"Let\\u2019s check on master:\"), mdx(\"pre\", {\n    __self: this,\n    __source: {\n      fileName: _jsxFileName,\n      lineNumber: 28,\n      columnNumber: 5\n    }\n  }, mdx(\"code\", _objectSpread(_objectSpread({\n    parentName: \"pre\"\n  }, {}), {}, {\n    __self: this,\n    __source: {\n      fileName: _jsxFileName,\n      lineNumber: 28,\n      columnNumber: 10\n    }\n  }), \"    $ git checkout master\\n    $ git log --oneline\\n      deccda5 (HEAD -> master) Commit first file to the repo.\\n    $ cat hello.txt\\n      hello world\\n\")));\n}\n_c = MDXContent;\n;\nMDXContent.isMDXComponent = true;\n\nvar _c;\n\n$RefreshReg$(_c, \"MDXContent\");","map":{"version":3,"sources":["/Users/llam/git/gentle-git-intro/components/LookAtHistory.mdx"],"names":["React","mdx","layoutProps","MDXLayout","MDXContent","components","props","isMDXComponent"],"mappings":";;;;;;;;AACA,OAAOA,KAAP,MAAkB,OAAlB;AACA,SAASC,GAAT,QAAoB,eAApB;AAEA;;AACA;;AAIA,IAAMC,WAAW,GAAG,EAApB;AAGA,IAAMC,SAAS,GAAG,SAAlB;AACA,eAAe,SAASC,UAAT,OAGZ;AAAA,MAFDC,UAEC,QAFDA,UAEC;AAAA,MADEC,KACF;;AACD,SAAO,IAAC,SAAD,gDAAeJ,WAAf,GAAgCI,KAAhC;AAAuC,IAAA,UAAU,EAAED,UAAnD;AAA+D,IAAA,OAAO,EAAC,WAAvE;AAAA;AAAA;AAAA;AAAA;AAAA;AAAA;AAAA,MACL;AAAA;AAAA;AAAA;AAAA;AAAA;AAAA;AAAA,gDADK,EAEL;AAAA;AAAA;AAAA;AAAA;AAAA;AAAA;AAAA,6BAFK,EAGL;AAAA;AAAA;AAAA;AAAA;AAAA;AAAA;AAAA,KAAK;AAAM,IAAA,UAAU,EAAC;AAAjB,KAA2B,EAA3B;AAAA;AAAA;AAAA;AAAA;AAAA;AAAA;AAAA,2IAAL,CAHK,EAOL;AAAA;AAAA;AAAA;AAAA;AAAA;AAAA;AAAA,iEAPK,EAQL;AAAA;AAAA;AAAA;AAAA;AAAA;AAAA;AAAA,+RARK,EASL;AAAA;AAAA;AAAA;AAAA;AAAA;AAAA;AAAA,mCATK,EAUL;AAAA;AAAA;AAAA;AAAA;AAAA;AAAA;AAAA,KAAK;AAAM,IAAA,UAAU,EAAC;AAAjB,KAA2B,EAA3B;AAAA;AAAA;AAAA;AAAA;AAAA;AAAA;AAAA,oKAAL,CAVK,CAAP;AAiBD;KArBuBD,U;AAuBxB;AACAA,UAAU,CAACG,cAAX,GAA4B,IAA5B","sourcesContent":["\nimport React from 'react'\nimport { mdx } from '@mdx-js/react'\n\n/* @jsxRuntime classic */\n/* @jsx mdx */\n\n\n\nconst layoutProps = {\n  \n};\nconst MDXLayout = \"wrapper\"\nexport default function MDXContent({\n  components,\n  ...props\n}) {\n  return <MDXLayout {...layoutProps} {...props} components={components} mdxType=\"MDXLayout\">\n    <h2>{`Let's take a look at our history so far.`}</h2>\n    <p>{`Type in the terminal:`}</p>\n    <pre><code parentName=\"pre\" {...{}}>{`    $ git log --oneline\n      187c6fa (HEAD -> dev_llam) Saying who I am\n      deccda5 (master) Commit first file to the repo.\n`}</code></pre>\n    <p>{`We now have two commits in our history in our dev branch.`}</p>\n    <p>{`NOTE: The seemingly random characters in front of our commit message is called a commit SHA. This commit SHA includes information about the author and date and will be unique to you. If you are following along on your terminal, don't worry if the output looks a little different.`}</p>\n    <p>{`Let’s check on master:`}</p>\n    <pre><code parentName=\"pre\" {...{}}>{`    $ git checkout master\n    $ git log --oneline\n      deccda5 (HEAD -> master) Commit first file to the repo.\n    $ cat hello.txt\n      hello world\n`}</code></pre>\n    </MDXLayout>;\n}\n\n;\nMDXContent.isMDXComponent = true;"]},"metadata":{},"sourceType":"module"}