{"ast":null,"code":"import _objectWithoutProperties from \"/Users/llam/git/gentle-git-intro/node_modules/@babel/runtime/helpers/esm/objectWithoutProperties\";\nimport _defineProperty from \"/Users/llam/git/gentle-git-intro/node_modules/@babel/runtime/helpers/esm/defineProperty\";\nvar _jsxFileName = \"/Users/llam/git/gentle-git-intro/components/mdx/git/EditBranch.mdx\";\n\nfunction ownKeys(object, enumerableOnly) { var keys = Object.keys(object); if (Object.getOwnPropertySymbols) { var symbols = Object.getOwnPropertySymbols(object); if (enumerableOnly) symbols = symbols.filter(function (sym) { return Object.getOwnPropertyDescriptor(object, sym).enumerable; }); keys.push.apply(keys, symbols); } return keys; }\n\nfunction _objectSpread(target) { for (var i = 1; i < arguments.length; i++) { var source = arguments[i] != null ? arguments[i] : {}; if (i % 2) { ownKeys(Object(source), true).forEach(function (key) { _defineProperty(target, key, source[key]); }); } else if (Object.getOwnPropertyDescriptors) { Object.defineProperties(target, Object.getOwnPropertyDescriptors(source)); } else { ownKeys(Object(source)).forEach(function (key) { Object.defineProperty(target, key, Object.getOwnPropertyDescriptor(source, key)); }); } } return target; }\n\nimport React from 'react';\nimport { mdx } from '@mdx-js/react';\n/* @jsxRuntime classic */\n\n/* @jsx mdx */\n\nvar makeShortcode = function makeShortcode(name) {\n  return function MDXDefaultShortcode(props) {\n    console.warn(\"Component \" + name + \" was not imported, exported, or provided by MDXProvider as global scope\");\n    return mdx(\"div\", _objectSpread(_objectSpread({}, props), {}, {\n      __self: this,\n      __source: {\n        fileName: _jsxFileName,\n        lineNumber: 11,\n        columnNumber: 14\n      }\n    }));\n  };\n};\n\nvar Input = makeShortcode(\"Input\");\n_c = Input;\nvar layoutProps = {};\nvar MDXLayout = \"wrapper\";\nexport default function MDXContent(_ref) {\n  var components = _ref.components,\n      props = _objectWithoutProperties(_ref, [\"components\"]);\n\n  return mdx(MDXLayout, _objectSpread(_objectSpread(_objectSpread({}, layoutProps), props), {}, {\n    components: components,\n    mdxType: \"MDXLayout\",\n    __self: this,\n    __source: {\n      fileName: _jsxFileName,\n      lineNumber: 22,\n      columnNumber: 10\n    }\n  }), mdx(\"h2\", {\n    __self: this,\n    __source: {\n      fileName: _jsxFileName,\n      lineNumber: 23,\n      columnNumber: 5\n    }\n  }, \"Let\\u2019s make a change on our new branch.\"), mdx(\"p\", {\n    __self: this,\n    __source: {\n      fileName: _jsxFileName,\n      lineNumber: 24,\n      columnNumber: 5\n    }\n  }, \"Edit hello.txt by adding a 2nd line saying who you are.  (Example: \\u201CI am Liz.\\u201D)\\nIf you check the status, you will see git knows we made changes:\"), mdx(\"pre\", {\n    __self: this,\n    __source: {\n      fileName: _jsxFileName,\n      lineNumber: 26,\n      columnNumber: 5\n    }\n  }, mdx(\"code\", _objectSpread(_objectSpread({\n    parentName: \"pre\"\n  }, {}), {}, {\n    __self: this,\n    __source: {\n      fileName: _jsxFileName,\n      lineNumber: 26,\n      columnNumber: 10\n    }\n  }), \"    $ echo 'I am Liz.' >> hello.txt\\n    $ cat hello.txt\\n      hello world\\n      I am Liz.\\n    $ git status\\n    On branch dev_llam\\n    Changes not staged for commit:\\n      (use \\\"git add <file>...\\\" to update what will be committed)\\n      (use \\\"git checkout -- <file>...\\\" to discard changes in working directory)\\n\\n        modified:   hello.txt\\n\\n    no changes added to commit (use \\\"git add\\\" and/or \\\"git commit -a\\\")\\n\\n\")), mdx(\"p\", {\n    __self: this,\n    __source: {\n      fileName: _jsxFileName,\n      lineNumber: 41,\n      columnNumber: 5\n    }\n  }, \"We want to add our changes:\"), mdx(\"pre\", {\n    __self: this,\n    __source: {\n      fileName: _jsxFileName,\n      lineNumber: 42,\n      columnNumber: 5\n    }\n  }, mdx(\"code\", _objectSpread(_objectSpread({\n    parentName: \"pre\"\n  }, {}), {}, {\n    __self: this,\n    __source: {\n      fileName: _jsxFileName,\n      lineNumber: 42,\n      columnNumber: 10\n    }\n  }), \"    $ git add .\\n\")), mdx(\"p\", {\n    __self: this,\n    __source: {\n      fileName: _jsxFileName,\n      lineNumber: 44,\n      columnNumber: 5\n    }\n  }, \"Now we want to commit them:\"), mdx(\"pre\", {\n    __self: this,\n    __source: {\n      fileName: _jsxFileName,\n      lineNumber: 45,\n      columnNumber: 5\n    }\n  }, mdx(\"code\", _objectSpread(_objectSpread({\n    parentName: \"pre\"\n  }, {}), {}, {\n    __self: this,\n    __source: {\n      fileName: _jsxFileName,\n      lineNumber: 45,\n      columnNumber: 10\n    }\n  }), \"    $ git commit -m \\u201CSaying who I am\\u201D\\n\")), mdx(Input, {\n    question: \"\",\n    answer: \"\",\n    mdxType: \"Input\",\n    __self: this,\n    __source: {\n      fileName: _jsxFileName,\n      lineNumber: 47,\n      columnNumber: 5\n    }\n  }));\n}\n_c2 = MDXContent;\n;\nMDXContent.isMDXComponent = true;\n\nvar _c, _c2;\n\n$RefreshReg$(_c, \"Input\");\n$RefreshReg$(_c2, \"MDXContent\");","map":{"version":3,"sources":["/Users/llam/git/gentle-git-intro/components/mdx/git/EditBranch.mdx"],"names":["React","mdx","makeShortcode","name","MDXDefaultShortcode","props","console","warn","Input","layoutProps","MDXLayout","MDXContent","components","isMDXComponent"],"mappings":";;;;;;;;AACA,OAAOA,KAAP,MAAkB,OAAlB;AACA,SAASC,GAAT,QAAoB,eAApB;AAEA;;AACA;;AAGA,IAAMC,aAAa,GAAG,SAAhBA,aAAgB,CAAAC,IAAI;AAAA,SAAI,SAASC,mBAAT,CAA6BC,KAA7B,EAAoC;AAC5DC,IAAAA,OAAO,CAACC,IAAR,CAAa,eAAeJ,IAAf,GAAsB,yEAAnC;AACA,WAAO,2CAASE,KAAT;AAAA;AAAA;AAAA;AAAA;AAAA;AAAA;AAAA,OAAP;AACD,GAHqB;AAAA,CAA1B;;AAIA,IAAMG,KAAK,GAAGN,aAAa,CAAC,OAAD,CAA3B;KAAMM,K;AACN,IAAMC,WAAW,GAAG,EAApB;AAGA,IAAMC,SAAS,GAAG,SAAlB;AACA,eAAe,SAASC,UAAT,OAGZ;AAAA,MAFDC,UAEC,QAFDA,UAEC;AAAA,MADEP,KACF;;AACD,SAAO,IAAC,SAAD,gDAAeI,WAAf,GAAgCJ,KAAhC;AAAuC,IAAA,UAAU,EAAEO,UAAnD;AAA+D,IAAA,OAAO,EAAC,WAAvE;AAAA;AAAA;AAAA;AAAA;AAAA;AAAA;AAAA,MACL;AAAA;AAAA;AAAA;AAAA;AAAA;AAAA;AAAA,mDADK,EAEL;AAAA;AAAA;AAAA;AAAA;AAAA;AAAA;AAAA,mKAFK,EAIL;AAAA;AAAA;AAAA;AAAA;AAAA;AAAA;AAAA,KAAK;AAAM,IAAA,UAAU,EAAC;AAAjB,KAA2B,EAA3B;AAAA;AAAA;AAAA;AAAA;AAAA;AAAA;AAAA,4bAAL,CAJK,EAmBL;AAAA;AAAA;AAAA;AAAA;AAAA;AAAA;AAAA,mCAnBK,EAoBL;AAAA;AAAA;AAAA;AAAA;AAAA;AAAA;AAAA,KAAK;AAAM,IAAA,UAAU,EAAC;AAAjB,KAA2B,EAA3B;AAAA;AAAA;AAAA;AAAA;AAAA;AAAA;AAAA,0BAAL,CApBK,EAsBL;AAAA;AAAA;AAAA;AAAA;AAAA;AAAA;AAAA,mCAtBK,EAuBL;AAAA;AAAA;AAAA;AAAA;AAAA;AAAA;AAAA,KAAK;AAAM,IAAA,UAAU,EAAC;AAAjB,KAA2B,EAA3B;AAAA;AAAA;AAAA;AAAA;AAAA;AAAA;AAAA,0DAAL,CAvBK,EAyBL,IAAC,KAAD;AAAO,IAAA,QAAQ,EAAC,EAAhB;AAAmB,IAAA,MAAM,EAAC,EAA1B;AAA6B,IAAA,OAAO,EAAC,OAArC;AAAA;AAAA;AAAA;AAAA;AAAA;AAAA;AAAA,IAzBK,CAAP;AA2BD;MA/BuBD,U;AAiCxB;AACAA,UAAU,CAACE,cAAX,GAA4B,IAA5B","sourcesContent":["\nimport React from 'react'\nimport { mdx } from '@mdx-js/react'\n\n/* @jsxRuntime classic */\n/* @jsx mdx */\n\n\nconst makeShortcode = name => function MDXDefaultShortcode(props) {\n      console.warn(\"Component \" + name + \" was not imported, exported, or provided by MDXProvider as global scope\")\n      return <div {...props}/>\n    };\nconst Input = makeShortcode(\"Input\");\nconst layoutProps = {\n  \n};\nconst MDXLayout = \"wrapper\"\nexport default function MDXContent({\n  components,\n  ...props\n}) {\n  return <MDXLayout {...layoutProps} {...props} components={components} mdxType=\"MDXLayout\">\n    <h2>{`Let’s make a change on our new branch.`}</h2>\n    <p>{`Edit hello.txt by adding a 2nd line saying who you are.  (Example: “I am Liz.”)\nIf you check the status, you will see git knows we made changes:`}</p>\n    <pre><code parentName=\"pre\" {...{}}>{`    $ echo 'I am Liz.' >> hello.txt\n    $ cat hello.txt\n      hello world\n      I am Liz.\n    $ git status\n    On branch dev_llam\n    Changes not staged for commit:\n      (use \"git add <file>...\" to update what will be committed)\n      (use \"git checkout -- <file>...\" to discard changes in working directory)\n\n        modified:   hello.txt\n\n    no changes added to commit (use \"git add\" and/or \"git commit -a\")\n\n`}</code></pre>\n    <p>{`We want to add our changes:`}</p>\n    <pre><code parentName=\"pre\" {...{}}>{`    $ git add .\n`}</code></pre>\n    <p>{`Now we want to commit them:`}</p>\n    <pre><code parentName=\"pre\" {...{}}>{`    $ git commit -m “Saying who I am”\n`}</code></pre>\n    <Input question=\"\" answer=\"\" mdxType=\"Input\" />\n    </MDXLayout>;\n}\n\n;\nMDXContent.isMDXComponent = true;"]},"metadata":{},"sourceType":"module"}